test/fixtures/card/sample2/
  => m.png
test/fixtures/character/hoge/
  => real/body.png
